// Jest Snapshot v1, https://goo.gl/fbAQLP

exports[`Модалка рендерится без ошибок 1`] = `null`;
